status subscriptions unknown

Clients/Filesets that cannot be categorized for backup units yet:
No results to list.

Amount of data that cannot be categorized for backup units yet:
         unknown_mb: 
 unknown_percentage: 0


quit
